======================== 2 failed, 32 passed in 19.12s ========================
