============================= 34 passed in 32.39s =============================
